Flow report for simple_processor
Sat Jun 26 01:41:57 2021
Quartus Prime Version 20.1.1 Build 720 11/11/2020 SJ Lite Edition


---------------------
; Table of Contents ;
---------------------
  1. Legal Notice
  2. Flow Summary
  3. Flow Settings
  4. Flow Non-Default Global Settings
  5. Flow Elapsed Time
  6. Flow OS Summary
  7. Flow Log
  8. Flow Messages
  9. Flow Suppressed Messages



----------------
; Legal Notice ;
----------------
Copyright (C) 2020  Intel Corporation. All rights reserved.
Your use of Intel Corporation's design tools, logic functions 
and other software and tools, and any partner logic 
functions, and any output files from any of the foregoing 
(including device programming or simulation files), and any 
associated documentation or information are expressly subject 
to the terms and conditions of the Intel Program License 
Subscription Agreement, the Intel Quartus Prime License Agreement,
the Intel FPGA IP License Agreement, or other applicable license
agreement, including, without limitation, that your use is for
the sole purpose of programming logic devices manufactured by
Intel and sold by Intel or its authorized distributors.  Please
refer to the applicable agreement for further details, at
https://fpgasoftware.intel.com/eula.



+----------------------------------------------------------------------------------+
; Flow Summary                                                                     ;
+------------------------------------+---------------------------------------------+
; Flow Status                        ; Successful - Sat Jun 26 01:41:57 2021       ;
; Quartus Prime Version              ; 20.1.1 Build 720 11/11/2020 SJ Lite Edition ;
; Revision Name                      ; simple_processor                            ;
; Top-level Entity Name              ; top_control                                 ;
; Family                             ; Cyclone IV E                                ;
; Total logic elements               ; N/A until Partition Merge                   ;
;     Total combinational functions  ; N/A until Partition Merge                   ;
;     Dedicated logic registers      ; N/A until Partition Merge                   ;
; Total registers                    ; N/A until Partition Merge                   ;
; Total pins                         ; N/A until Partition Merge                   ;
; Total virtual pins                 ; N/A until Partition Merge                   ;
; Total memory bits                  ; N/A until Partition Merge                   ;
; Embedded Multiplier 9-bit elements ; N/A until Partition Merge                   ;
; Total PLLs                         ; N/A until Partition Merge                   ;
+------------------------------------+---------------------------------------------+


+-----------------------------------------+
; Flow Settings                           ;
+-------------------+---------------------+
; Option            ; Setting             ;
+-------------------+---------------------+
; Start date & time ; 06/26/2021 01:41:50 ;
; Main task         ; Compilation         ;
; Revision Name     ; simple_processor    ;
+-------------------+---------------------+


+----------------------------------------------------------------------------------------------------------------------------------------------------+
; Flow Non-Default Global Settings                                                                                                                   ;
+--------------------------------------+----------------------------------------+------------------+-------------+-----------------------------------+
; Assignment Name                      ; Value                                  ; Default Value    ; Entity Name ; Section Id                        ;
+--------------------------------------+----------------------------------------+------------------+-------------+-----------------------------------+
; COMPILER_SIGNATURE_ID                ; 10995770589205.162465191020132         ; --               ; --          ; --                                ;
; EDA_DESIGN_INSTANCE_NAME             ; NA                                     ; --               ; --          ; singleport_ram_tb                 ;
; EDA_DESIGN_INSTANCE_NAME             ; NA                                     ; --               ; --          ; core_tb                           ;
; EDA_DESIGN_INSTANCE_NAME             ; NA                                     ; --               ; --          ; top_control_tb                    ;
; EDA_GENERATE_FUNCTIONAL_NETLIST      ; Off                                    ; --               ; --          ; eda_board_design_timing           ;
; EDA_GENERATE_FUNCTIONAL_NETLIST      ; Off                                    ; --               ; --          ; eda_board_design_boundary_scan    ;
; EDA_GENERATE_FUNCTIONAL_NETLIST      ; Off                                    ; --               ; --          ; eda_board_design_signal_integrity ;
; EDA_GENERATE_FUNCTIONAL_NETLIST      ; Off                                    ; --               ; --          ; eda_board_design_symbol           ;
; EDA_NATIVELINK_SIMULATION_TEST_BENCH ; top_control_tb                         ; --               ; --          ; eda_simulation                    ;
; EDA_OUTPUT_DATA_FORMAT               ; Verilog Hdl                            ; --               ; --          ; eda_simulation                    ;
; EDA_SIMULATION_TOOL                  ; ModelSim-Altera (Verilog)              ; <None>           ; --          ; --                                ;
; EDA_TEST_BENCH_ENABLE_STATUS         ; TEST_BENCH_MODE                        ; --               ; --          ; eda_simulation                    ;
; EDA_TEST_BENCH_FILE                  ; tb/singleport_ram_tb.v                 ; --               ; --          ; singleport_ram_tb                 ;
; EDA_TEST_BENCH_FILE                  ; tb/core_tb.v                           ; --               ; --          ; core_tb                           ;
; EDA_TEST_BENCH_FILE                  ; tb/top_control_tb.v                    ; --               ; --          ; top_control_tb                    ;
; EDA_TEST_BENCH_FILE                  ; ALU.v                                  ; --               ; --          ; top_control_tb                    ;
; EDA_TEST_BENCH_FILE                  ; core.v                                 ; --               ; --          ; top_control_tb                    ;
; EDA_TEST_BENCH_FILE                  ; control_unit.v                         ; --               ; --          ; top_control_tb                    ;
; EDA_TEST_BENCH_FILE                  ; state_machine.v                        ; --               ; --          ; top_control_tb                    ;
; EDA_TEST_BENCH_FILE                  ; register.v                             ; --               ; --          ; top_control_tb                    ;
; EDA_TEST_BENCH_FILE                  ; processor.v                            ; --               ; --          ; top_control_tb                    ;
; EDA_TEST_BENCH_FILE                  ; PC.v                                   ; --               ; --          ; top_control_tb                    ;
; EDA_TEST_BENCH_FILE                  ; iram.v                                 ; --               ; --          ; top_control_tb                    ;
; EDA_TEST_BENCH_FILE                  ; dram.v                                 ; --               ; --          ; top_control_tb                    ;
; EDA_TEST_BENCH_FILE                  ; rom_vlog_mif.v                         ; --               ; --          ; top_control_tb                    ;
; EDA_TEST_BENCH_MODULE_NAME           ; singleport_ram_tb                      ; --               ; --          ; singleport_ram_tb                 ;
; EDA_TEST_BENCH_MODULE_NAME           ; core_tb                                ; --               ; --          ; core_tb                           ;
; EDA_TEST_BENCH_MODULE_NAME           ; top_control_tb                         ; --               ; --          ; top_control_tb                    ;
; EDA_TEST_BENCH_NAME                  ; core_tb                                ; --               ; --          ; eda_simulation                    ;
; EDA_TEST_BENCH_NAME                  ; top_control_tb                         ; --               ; --          ; eda_simulation                    ;
; EDA_TEST_BENCH_NAME                  ; singleport_ram_tb                      ; --               ; --          ; eda_simulation                    ;
; EDA_TIME_SCALE                       ; 1 ps                                   ; --               ; --          ; eda_simulation                    ;
; PARTITION_COLOR                      ; -- (Not supported for targeted family) ; --               ; top_control ; Top                               ;
; PARTITION_FITTER_PRESERVATION_LEVEL  ; -- (Not supported for targeted family) ; --               ; top_control ; Top                               ;
; PARTITION_NETLIST_TYPE               ; -- (Not supported for targeted family) ; --               ; top_control ; Top                               ;
; PROJECT_OUTPUT_DIRECTORY             ; output_files                           ; --               ; --          ; --                                ;
; TOP_LEVEL_ENTITY                     ; top_control                            ; simple_processor ; --          ; --                                ;
+--------------------------------------+----------------------------------------+------------------+-------------+-----------------------------------+


+----------------------------------------------------------------------------------------------------------------------------+
; Flow Elapsed Time                                                                                                          ;
+------------------------+--------------+-------------------------+---------------------+------------------------------------+
; Module Name            ; Elapsed Time ; Average Processors Used ; Peak Virtual Memory ; Total CPU Time (on all processors) ;
+------------------------+--------------+-------------------------+---------------------+------------------------------------+
; Analysis & Elaboration ; 00:00:07     ; 1.0                     ; 4696 MB             ; 00:00:18                           ;
; Total                  ; 00:00:07     ; --                      ; --                  ; 00:00:18                           ;
+------------------------+--------------+-------------------------+---------------------+------------------------------------+


+--------------------------------------------------------------------------------------+
; Flow OS Summary                                                                      ;
+------------------------+------------------+------------+------------+----------------+
; Module Name            ; Machine Hostname ; OS Name    ; OS Version ; Processor type ;
+------------------------+------------------+------------+------------+----------------+
; Analysis & Elaboration ; Sandushan-i7     ; Windows 10 ; 10.0       ; x86_64         ;
+------------------------+------------------+------------+------------+----------------+


------------
; Flow Log ;
------------
quartus_map --read_settings_files=on --write_settings_files=off simple_processor -c simple_processor --analysis_and_elaboration



